
> Task :compileJava
Note: /Users/seokhunchoi/spring/Code/ProjectSpring/src/main/java/projectSpring/service/UserService.java uses or overrides a deprecated API.
Note: Recompile with -Xlint:deprecation for details.

> Task :processResources UP-TO-DATE
> Task :classes
> Task :resolveMainClassName

> Task :bootRun

  .   ____          _            __ _ _
 /\\ / ___'_ __ _ _(_)_ __  __ _ \ \ \ \
( ( )\___ | '_ | '_| | '_ \/ _` | \ \ \ \
 \\/  ___)| |_)| | | | | || (_| |  ) ) ) )
  '  |____| .__|_| |_|_| |_\__, | / / / /
 =========|_|==============|___/=/_/_/_/

 :: Spring Boot ::                (v4.1.0)

2026-08-14T13:07:56.926+09:00  INFO 22087 --- [atriin] [  restartedMain] projectSpring.AtriinApplication          : Starting AtriinApplication using Java 21.0.6 with PID 22087 (/Users/seokhunchoi/spring/Code/ProjectSpring/build/classes/java/main started by seokhunchoi in /Users/seokhunchoi/spring/Code/ProjectSpring)
2026-08-14T13:07:56.927+09:00  INFO 22087 --- [atriin] [  restartedMain] projectSpring.AtriinApplication          : No active profile set, falling back to 1 default profile: "default"
2026-08-14T13:07:56.942+09:00  INFO 22087 --- [atriin] [  restartedMain] .e.DevToolsPropertyDefaultsPostProcessor : Devtools property defaults active! Set 'spring.devtools.add-properties' to 'false' to disable
2026-08-14T13:07:56.942+09:00  INFO 22087 --- [atriin] [  restartedMain] .e.DevToolsPropertyDefaultsPostProcessor : For additional web related logging consider setting the 'logging.level.web' property to 'DEBUG'
2026-08-14T13:07:57.126+09:00  INFO 22087 --- [atriin] [  restartedMain] .s.d.r.c.RepositoryConfigurationDelegate : Multiple Spring Data modules found, entering strict repository configuration mode
2026-08-14T13:07:57.126+09:00  INFO 22087 --- [atriin] [  restartedMain] .s.d.r.c.RepositoryConfigurationDelegate : Bootstrapping Spring Data JPA repositories in DEFAULT mode.
2026-08-14T13:07:57.168+09:00  INFO 22087 --- [atriin] [  restartedMain] .s.d.r.c.RepositoryConfigurationDelegate : Finished Spring Data repository scanning in 38 ms. Found 6 JPA repository interfaces.
2026-08-14T13:07:57.181+09:00  INFO 22087 --- [atriin] [  restartedMain] .s.d.r.c.RepositoryConfigurationDelegate : Multiple Spring Data modules found, entering strict repository configuration mode
2026-08-14T13:07:57.181+09:00  INFO 22087 --- [atriin] [  restartedMain] .s.d.r.c.RepositoryConfigurationDelegate : Bootstrapping Spring Data Redis repositories in DEFAULT mode.
2026-08-14T13:07:57.185+09:00  INFO 22087 --- [atriin] [  restartedMain] .RepositoryConfigurationExtensionSupport : Spring Data Redis - Could not safely identify store assignment for repository candidate interface projectSpring.repository.BookmarkRepository; If you want this repository to be a Redis repository, consider annotating your entities with one of these annotations: org.springframework.data.redis.core.RedisHash (preferred), or consider extending one of the following types with your repository: org.springframework.data.keyvalue.repository.KeyValueRepository
2026-08-14T13:07:57.185+09:00  INFO 22087 --- [atriin] [  restartedMain] .RepositoryConfigurationExtensionSupport : Spring Data Redis - Could not safely identify store assignment for repository candidate interface projectSpring.repository.CommentRepository; If you want this repository to be a Redis repository, consider annotating your entities with one of these annotations: org.springframework.data.redis.core.RedisHash (preferred), or consider extending one of the following types with your repository: org.springframework.data.keyvalue.repository.KeyValueRepository
2026-08-14T13:07:57.185+09:00  INFO 22087 --- [atriin] [  restartedMain] .RepositoryConfigurationExtensionSupport : Spring Data Redis - Could not safely identify store assignment for repository candidate interface projectSpring.repository.FeedLikeRepository; If you want this repository to be a Redis repository, consider annotating your entities with one of these annotations: org.springframework.data.redis.core.RedisHash (preferred), or consider extending one of the following types with your repository: org.springframework.data.keyvalue.repository.KeyValueRepository
2026-08-14T13:07:57.185+09:00  INFO 22087 --- [atriin] [  restartedMain] .RepositoryConfigurationExtensionSupport : Spring Data Redis - Could not safely identify store assignment for repository candidate interface projectSpring.repository.FeedRepository; If you want this repository to be a Redis repository, consider annotating your entities with one of these annotations: org.springframework.data.redis.core.RedisHash (preferred), or consider extending one of the following types with your repository: org.springframework.data.keyvalue.repository.KeyValueRepository
2026-08-14T13:07:57.185+09:00  INFO 22087 --- [atriin] [  restartedMain] .RepositoryConfigurationExtensionSupport : Spring Data Redis - Could not safely identify store assignment for repository candidate interface projectSpring.repository.TagRepository; If you want this repository to be a Redis repository, consider annotating your entities with one of these annotations: org.springframework.data.redis.core.RedisHash (preferred), or consider extending one of the following types with your repository: org.springframework.data.keyvalue.repository.KeyValueRepository
2026-08-14T13:07:57.185+09:00  INFO 22087 --- [atriin] [  restartedMain] .RepositoryConfigurationExtensionSupport : Spring Data Redis - Could not safely identify store assignment for repository candidate interface projectSpring.repository.UserRepository; If you want this repository to be a Redis repository, consider annotating your entities with one of these annotations: org.springframework.data.redis.core.RedisHash (preferred), or consider extending one of the following types with your repository: org.springframework.data.keyvalue.repository.KeyValueRepository
2026-08-14T13:07:57.185+09:00  INFO 22087 --- [atriin] [  restartedMain] .s.d.r.c.RepositoryConfigurationDelegate : Finished Spring Data repository scanning in 2 ms. Found 0 Redis repository interfaces.
2026-08-14T13:07:57.340+09:00  INFO 22087 --- [atriin] [  restartedMain] o.s.boot.tomcat.TomcatWebServer          : Tomcat initialized with port 8080 (http)
2026-08-14T13:07:57.345+09:00  INFO 22087 --- [atriin] [  restartedMain] o.apache.catalina.core.StandardService   : Starting service [Tomcat]
2026-08-14T13:07:57.345+09:00  INFO 22087 --- [atriin] [  restartedMain] o.apache.catalina.core.StandardEngine    : Starting Servlet engine: [Apache Tomcat/11.0.22]
2026-08-14T13:07:57.356+09:00  INFO 22087 --- [atriin] [  restartedMain] b.w.c.s.WebApplicationContextInitializer : Root WebApplicationContext: initialization completed in 414 ms
2026-08-14T13:07:57.405+09:00  INFO 22087 --- [atriin] [  restartedMain] org.hibernate.orm.jpa                    : HHH008540: Processing PersistenceUnitInfo [name: default]
2026-08-14T13:07:57.425+09:00  INFO 22087 --- [atriin] [  restartedMain] org.hibernate.orm.core                   : HHH000001: Hibernate ORM core version 7.4.1.Final
2026-08-14T13:07:57.541+09:00  INFO 22087 --- [atriin] [  restartedMain] o.s.o.j.p.SpringPersistenceUnitInfo      : No LoadTimeWeaver setup: ignoring JPA class transformer
2026-08-14T13:07:57.550+09:00  INFO 22087 --- [atriin] [  restartedMain] com.zaxxer.hikari.HikariDataSource       : HikariPool-1 - Starting...
2026-08-14T13:07:57.604+09:00  INFO 22087 --- [atriin] [  restartedMain] com.zaxxer.hikari.pool.HikariPool        : HikariPool-1 - Added connection org.postgresql.jdbc.PgConnection@613e504e
2026-08-14T13:07:57.604+09:00  INFO 22087 --- [atriin] [  restartedMain] com.zaxxer.hikari.HikariDataSource       : HikariPool-1 - Start completed.
2026-08-14T13:07:57.614+09:00  WARN 22087 --- [atriin] [  restartedMain] org.hibernate.orm.deprecation            : HHH90000025: PostgreSQLDialect does not need to be specified explicitly using 'hibernate.dialect' (remove the property setting and it will be selected by default)
2026-08-14T13:07:57.623+09:00  INFO 22087 --- [atriin] [  restartedMain] org.hibernate.orm.connections.pooling    : HHH10001005: Database info:
	Database JDBC URL [jdbc:postgresql://localhost:5432/atriindb]
	Database driver: PostgreSQL JDBC Driver
	Database dialect: PostgreSQLDialect
	Database version: 15.18
	Default catalog/schema: atriindb/public
	Autocommit mode: undefined/unknown
	Isolation level: READ_COMMITTED [default READ_COMMITTED]
	JDBC fetch size: none
	Pool: DataSourceConnectionProvider
	Minimum pool size: undefined/unknown
	Maximum pool size: undefined/unknown
2026-08-14T13:07:57.984+09:00  INFO 22087 --- [atriin] [  restartedMain] org.hibernate.orm.core                   : HHH000489: No JTA platform available (set 'hibernate.transaction.jta.platform' to enable JTA platform integration)
Hibernate: 
    alter table if exists users 
       add column tag varchar(255)
2026-08-14T13:07:58.025+09:00  INFO 22087 --- [atriin] [  restartedMain] j.LocalContainerEntityManagerFactoryBean : Initialized JPA EntityManagerFactory for persistence unit 'default'
2026-08-14T13:07:58.048+09:00  INFO 22087 --- [atriin] [  restartedMain] o.s.d.j.r.query.QueryEnhancerFactories   : Hibernate is in classpath; If applicable, HQL parser will be used.
2026-08-14T13:07:58.153+09:00  WARN 22087 --- [atriin] [  restartedMain] i.n.r.d.DnsServerAddressStreamProviders  : Can not find io.netty.resolver.dns.macos.MacOSDnsServerAddressStreamProvider in the classpath, fallback to system defaults. This may result in incorrect DNS resolutions on MacOS. Check whether you have a dependency on 'io.netty:netty-resolver-dns-native-macos'
2026-08-14T13:07:58.241+09:00  WARN 22087 --- [atriin] [  restartedMain] JpaBaseConfiguration$JpaWebConfiguration : spring.jpa.open-in-view is enabled by default. Therefore, database queries may be performed during view rendering. Explicitly configure spring.jpa.open-in-view to disable this warning
2026-08-14T13:07:58.265+09:00  WARN 22087 --- [atriin] [  restartedMain] .s.a.UserDetailsServiceAutoConfiguration : 

Using generated security password: 59960e7b-fa48-4121-83f6-39a85134f657

This generated password is for development use only. Your security configuration must be updated before running your application in production.

2026-08-14T13:07:58.267+09:00  INFO 22087 --- [atriin] [  restartedMain] r$InitializeUserDetailsManagerConfigurer : Global AuthenticationManager configured with UserDetailsService bean with name inMemoryUserDetailsManager
2026-08-14T13:07:58.413+09:00  INFO 22087 --- [atriin] [  restartedMain] o.s.boot.tomcat.TomcatWebServer          : Tomcat started on port 8080 (http) with context path '/'
2026-08-14T13:07:58.415+09:00  INFO 22087 --- [atriin] [  restartedMain] projectSpring.AtriinApplication          : Started AtriinApplication in 1.597 seconds (process running for 1.728)
Hibernate: 
    select
        count(*) 
    from
        feeds f1_0
2026-08-14T13:08:48.304+09:00  INFO 22087 --- [atriin] [nio-8080-exec-2] o.a.c.c.C.[Tomcat].[localhost].[/]       : Initializing Spring DispatcherServlet 'dispatcherServlet'
2026-08-14T13:08:48.304+09:00  INFO 22087 --- [atriin] [nio-8080-exec-2] o.s.web.servlet.DispatcherServlet        : Initializing Servlet 'dispatcherServlet'
2026-08-14T13:08:48.305+09:00  INFO 22087 --- [atriin] [nio-8080-exec-2] o.s.web.servlet.DispatcherServlet        : Completed initialization in 1 ms
Hibernate: 
    select
        f1_0.id,
        f1_0.content,
        f1_0.created_at,
        f1_0.creator,
        f1_0.disable_comments,
        f1_0.height,
        f1_0.hide_counts,
        f1_0.image_url,
        f1_0.is_collab,
        f1_0.metadata,
        f1_0.title,
        f1_0.type,
        f1_0.video_url 
    from
        feeds f1_0
Hibernate: 
    select
        t1_0.feed_id,
        t1_1.id,
        t1_1.name 
    from
        feed_tags t1_0 
    join
        tags t1_1 
            on t1_1.id=t1_0.tag_id 
    where
        t1_0.feed_id=?
Hibernate: 
    select
        t1_0.feed_id,
        t1_1.id,
        t1_1.name 
    from
        feed_tags t1_0 
    join
        tags t1_1 
            on t1_1.id=t1_0.tag_id 
    where
        t1_0.feed_id=?
Hibernate: 
    select
        t1_0.feed_id,
        t1_1.id,
        t1_1.name 
    from
        feed_tags t1_0 
    join
        tags t1_1 
            on t1_1.id=t1_0.tag_id 
    where
        t1_0.feed_id=?
Hibernate: 
    select
        t1_0.feed_id,
        t1_1.id,
        t1_1.name 
    from
        feed_tags t1_0 
    join
        tags t1_1 
            on t1_1.id=t1_0.tag_id 
    where
        t1_0.feed_id=?
Hibernate: 
    select
        t1_0.feed_id,
        t1_1.id,
        t1_1.name 
    from
        feed_tags t1_0 
    join
        tags t1_1 
            on t1_1.id=t1_0.tag_id 
    where
        t1_0.feed_id=?
Hibernate: 
    select
        t1_0.feed_id,
        t1_1.id,
        t1_1.name 
    from
        feed_tags t1_0 
    join
        tags t1_1 
            on t1_1.id=t1_0.tag_id 
    where
        t1_0.feed_id=?
Hibernate: 
    select
        f1_0.id,
        f1_0.content,
        f1_0.created_at,
        f1_0.creator,
        f1_0.disable_comments,
        f1_0.height,
        f1_0.hide_counts,
        f1_0.image_url,
        f1_0.is_collab,
        f1_0.metadata,
        f1_0.title,
        f1_0.type,
        f1_0.video_url 
    from
        feeds f1_0
Hibernate: 
    select
        t1_0.feed_id,
        t1_1.id,
        t1_1.name 
    from
        feed_tags t1_0 
    join
        tags t1_1 
            on t1_1.id=t1_0.tag_id 
    where
        t1_0.feed_id=?
Hibernate: 
    select
        t1_0.feed_id,
        t1_1.id,
        t1_1.name 
    from
        feed_tags t1_0 
    join
        tags t1_1 
            on t1_1.id=t1_0.tag_id 
    where
        t1_0.feed_id=?
Hibernate: 
    select
        t1_0.feed_id,
        t1_1.id,
        t1_1.name 
    from
        feed_tags t1_0 
    join
        tags t1_1 
            on t1_1.id=t1_0.tag_id 
    where
        t1_0.feed_id=?
Hibernate: 
    select
        t1_0.feed_id,
        t1_1.id,
        t1_1.name 
    from
        feed_tags t1_0 
    join
        tags t1_1 
            on t1_1.id=t1_0.tag_id 
    where
        t1_0.feed_id=?
Hibernate: 
    select
        t1_0.feed_id,
        t1_1.id,
        t1_1.name 
    from
        feed_tags t1_0 
    join
        tags t1_1 
            on t1_1.id=t1_0.tag_id 
    where
        t1_0.feed_id=?
Hibernate: 
    select
        t1_0.feed_id,
        t1_1.id,
        t1_1.name 
    from
        feed_tags t1_0 
    join
        tags t1_1 
            on t1_1.id=t1_0.tag_id 
    where
        t1_0.feed_id=?
Hibernate: 
    select
        f1_0.id,
        f1_0.content,
        f1_0.created_at,
        f1_0.creator,
        f1_0.disable_comments,
        f1_0.height,
        f1_0.hide_counts,
        f1_0.image_url,
        f1_0.is_collab,
        f1_0.metadata,
        f1_0.title,
        f1_0.type,
        f1_0.video_url 
    from
        feeds f1_0
Hibernate: 
    select
        t1_0.feed_id,
        t1_1.id,
        t1_1.name 
    from
        feed_tags t1_0 
    join
        tags t1_1 
            on t1_1.id=t1_0.tag_id 
    where
        t1_0.feed_id=?
Hibernate: 
    select
        t1_0.feed_id,
        t1_1.id,
        t1_1.name 
    from
        feed_tags t1_0 
    join
        tags t1_1 
            on t1_1.id=t1_0.tag_id 
    where
        t1_0.feed_id=?
Hibernate: 
    select
        t1_0.feed_id,
        t1_1.id,
        t1_1.name 
    from
        feed_tags t1_0 
    join
        tags t1_1 
            on t1_1.id=t1_0.tag_id 
    where
        t1_0.feed_id=?
Hibernate: 
    select
        t1_0.feed_id,
        t1_1.id,
        t1_1.name 
    from
        feed_tags t1_0 
    join
        tags t1_1 
            on t1_1.id=t1_0.tag_id 
    where
        t1_0.feed_id=?
Hibernate: 
    select
        t1_0.feed_id,
        t1_1.id,
        t1_1.name 
    from
        feed_tags t1_0 
    join
        tags t1_1 
            on t1_1.id=t1_0.tag_id 
    where
        t1_0.feed_id=?
Hibernate: 
    select
        t1_0.feed_id,
        t1_1.id,
        t1_1.name 
    from
        feed_tags t1_0 
    join
        tags t1_1 
            on t1_1.id=t1_0.tag_id 
    where
        t1_0.feed_id=?
Hibernate: 
    select
        f1_0.id,
        f1_0.content,
        f1_0.created_at,
        f1_0.creator,
        f1_0.disable_comments,
        f1_0.height,
        f1_0.hide_counts,
        f1_0.image_url,
        f1_0.is_collab,
        f1_0.metadata,
        f1_0.title,
        f1_0.type,
        f1_0.video_url 
    from
        feeds f1_0
Hibernate: 
    select
        t1_0.feed_id,
        t1_1.id,
        t1_1.name 
    from
        feed_tags t1_0 
    join
        tags t1_1 
            on t1_1.id=t1_0.tag_id 
    where
        t1_0.feed_id=?
Hibernate: 
    select
        t1_0.feed_id,
        t1_1.id,
        t1_1.name 
    from
        feed_tags t1_0 
    join
        tags t1_1 
            on t1_1.id=t1_0.tag_id 
    where
        t1_0.feed_id=?
Hibernate: 
    select
        t1_0.feed_id,
        t1_1.id,
        t1_1.name 
    from
        feed_tags t1_0 
    join
        tags t1_1 
            on t1_1.id=t1_0.tag_id 
    where
        t1_0.feed_id=?
Hibernate: 
    select
        t1_0.feed_id,
        t1_1.id,
        t1_1.name 
    from
        feed_tags t1_0 
    join
        tags t1_1 
            on t1_1.id=t1_0.tag_id 
    where
        t1_0.feed_id=?
Hibernate: 
    select
        t1_0.feed_id,
        t1_1.id,
        t1_1.name 
    from
        feed_tags t1_0 
    join
        tags t1_1 
            on t1_1.id=t1_0.tag_id 
    where
        t1_0.feed_id=?
Hibernate: 
    select
        t1_0.feed_id,
        t1_1.id,
        t1_1.name 
    from
        feed_tags t1_0 
    join
        tags t1_1 
            on t1_1.id=t1_0.tag_id 
    where
        t1_0.feed_id=?
Hibernate: 
    select
        u1_0.id,
        u1_0.created_at,
        u1_0.email,
        u1_0.nickname,
        u1_0.password,
        u1_0.profile_image_url,
        u1_0.tag,
        u1_0.username 
    from
        users u1_0 
    where
        u1_0.email=?
Hibernate: 
    select
        f1_0.id,
        f1_0.content,
        f1_0.created_at,
        f1_0.creator,
        f1_0.disable_comments,
        f1_0.height,
        f1_0.hide_counts,
        f1_0.image_url,
        f1_0.is_collab,
        f1_0.metadata,
        f1_0.title,
        f1_0.type,
        f1_0.video_url 
    from
        feeds f1_0 
    where
        f1_0.creator=? 
    order by
        f1_0.id desc
Hibernate: 
    select
        t1_0.feed_id,
        t1_1.id,
        t1_1.name 
    from
        feed_tags t1_0 
    join
        tags t1_1 
            on t1_1.id=t1_0.tag_id 
    where
        t1_0.feed_id=?
Hibernate: 
    select
        t1_0.feed_id,
        t1_1.id,
        t1_1.name 
    from
        feed_tags t1_0 
    join
        tags t1_1 
            on t1_1.id=t1_0.tag_id 
    where
        t1_0.feed_id=?
Hibernate: 
    select
        count(f1_0.id) 
    from
        feeds f1_0 
    where
        f1_0.creator=?
Hibernate: 
    select
        f1_0.id,
        f1_0.content,
        f1_0.created_at,
        f1_0.creator,
        f1_0.disable_comments,
        f1_0.height,
        f1_0.hide_counts,
        f1_0.image_url,
        f1_0.is_collab,
        f1_0.metadata,
        f1_0.title,
        f1_0.type,
        f1_0.video_url 
    from
        feeds f1_0 
    where
        f1_0.id=?
Hibernate: 
    select
        c1_0.id,
        c1_0.content,
        c1_0.created_at,
        c1_0.feed_id,
        c1_0.username 
    from
        comments c1_0 
    where
        c1_0.feed_id=?
Hibernate: 
    select
        fl1_0.id,
        fl1_0.created_at,
        fl1_0.feed_id,
        fl1_0.username 
    from
        feed_likes fl1_0 
    where
        fl1_0.username=? 
    order by
        fl1_0.id desc
Hibernate: 
    select
        f1_0.id,
        f1_0.content,
        f1_0.created_at,
        f1_0.creator,
        f1_0.disable_comments,
        f1_0.height,
        f1_0.hide_counts,
        f1_0.image_url,
        f1_0.is_collab,
        f1_0.metadata,
        f1_0.title,
        f1_0.type,
        f1_0.video_url 
    from
        feeds f1_0 
    where
        f1_0.id=?
Hibernate: 
    select
        t1_0.feed_id,
        t1_1.id,
        t1_1.name 
    from
        feed_tags t1_0 
    join
        tags t1_1 
            on t1_1.id=t1_0.tag_id 
    where
        t1_0.feed_id=?
Hibernate: 
    select
        c1_0.id,
        c1_0.content,
        c1_0.created_at,
        c1_0.feed_id,
        c1_0.username 
    from
        comments c1_0 
    where
        c1_0.username=? 
    order by
        c1_0.id desc
Hibernate: 
    select
        f1_0.id,
        f1_0.content,
        f1_0.created_at,
        f1_0.creator,
        f1_0.disable_comments,
        f1_0.height,
        f1_0.hide_counts,
        f1_0.image_url,
        f1_0.is_collab,
        f1_0.metadata,
        f1_0.title,
        f1_0.type,
        f1_0.video_url 
    from
        feeds f1_0 
    where
        f1_0.id=?
Hibernate: 
    select
        t1_0.feed_id,
        t1_1.id,
        t1_1.name 
    from
        feed_tags t1_0 
    join
        tags t1_1 
            on t1_1.id=t1_0.tag_id 
    where
        t1_0.feed_id=?
Hibernate: 
    select
        f1_0.id,
        f1_0.content,
        f1_0.created_at,
        f1_0.creator,
        f1_0.disable_comments,
        f1_0.height,
        f1_0.hide_counts,
        f1_0.image_url,
        f1_0.is_collab,
        f1_0.metadata,
        f1_0.title,
        f1_0.type,
        f1_0.video_url 
    from
        feeds f1_0 
    where
        f1_0.creator=? 
    order by
        f1_0.id desc
Hibernate: 
    select
        t1_0.feed_id,
        t1_1.id,
        t1_1.name 
    from
        feed_tags t1_0 
    join
        tags t1_1 
            on t1_1.id=t1_0.tag_id 
    where
        t1_0.feed_id=?
Hibernate: 
    select
        t1_0.feed_id,
        t1_1.id,
        t1_1.name 
    from
        feed_tags t1_0 
    join
        tags t1_1 
            on t1_1.id=t1_0.tag_id 
    where
        t1_0.feed_id=?
Hibernate: 
    select
        f1_0.id,
        f1_0.content,
        f1_0.created_at,
        f1_0.creator,
        f1_0.disable_comments,
        f1_0.height,
        f1_0.hide_counts,
        f1_0.image_url,
        f1_0.is_collab,
        f1_0.metadata,
        f1_0.title,
        f1_0.type,
        f1_0.video_url 
    from
        feeds f1_0
Hibernate: 
    select
        t1_0.feed_id,
        t1_1.id,
        t1_1.name 
    from
        feed_tags t1_0 
    join
        tags t1_1 
            on t1_1.id=t1_0.tag_id 
    where
        t1_0.feed_id=?
Hibernate: 
    select
        t1_0.feed_id,
        t1_1.id,
        t1_1.name 
    from
        feed_tags t1_0 
    join
        tags t1_1 
            on t1_1.id=t1_0.tag_id 
    where
        t1_0.feed_id=?
Hibernate: 
    select
        t1_0.feed_id,
        t1_1.id,
        t1_1.name 
    from
        feed_tags t1_0 
    join
        tags t1_1 
            on t1_1.id=t1_0.tag_id 
    where
        t1_0.feed_id=?
Hibernate: 
    select
        t1_0.feed_id,
        t1_1.id,
        t1_1.name 
    from
        feed_tags t1_0 
    join
        tags t1_1 
            on t1_1.id=t1_0.tag_id 
    where
        t1_0.feed_id=?
Hibernate: 
    select
        t1_0.feed_id,
        t1_1.id,
        t1_1.name 
    from
        feed_tags t1_0 
    join
        tags t1_1 
            on t1_1.id=t1_0.tag_id 
    where
        t1_0.feed_id=?
Hibernate: 
    select
        t1_0.feed_id,
        t1_1.id,
        t1_1.name 
    from
        feed_tags t1_0 
    join
        tags t1_1 
            on t1_1.id=t1_0.tag_id 
    where
        t1_0.feed_id=?
Hibernate: 
    select
        f1_0.id,
        f1_0.content,
        f1_0.created_at,
        f1_0.creator,
        f1_0.disable_comments,
        f1_0.height,
        f1_0.hide_counts,
        f1_0.image_url,
        f1_0.is_collab,
        f1_0.metadata,
        f1_0.title,
        f1_0.type,
        f1_0.video_url 
    from
        feeds f1_0
Hibernate: 
    select
        t1_0.feed_id,
        t1_1.id,
        t1_1.name 
    from
        feed_tags t1_0 
    join
        tags t1_1 
            on t1_1.id=t1_0.tag_id 
    where
        t1_0.feed_id=?
Hibernate: 
    select
        t1_0.feed_id,
        t1_1.id,
        t1_1.name 
    from
        feed_tags t1_0 
    join
        tags t1_1 
            on t1_1.id=t1_0.tag_id 
    where
        t1_0.feed_id=?
Hibernate: 
    select
        t1_0.feed_id,
        t1_1.id,
        t1_1.name 
    from
        feed_tags t1_0 
    join
        tags t1_1 
            on t1_1.id=t1_0.tag_id 
    where
        t1_0.feed_id=?
Hibernate: 
    select
        t1_0.feed_id,
        t1_1.id,
        t1_1.name 
    from
        feed_tags t1_0 
    join
        tags t1_1 
            on t1_1.id=t1_0.tag_id 
    where
        t1_0.feed_id=?
Hibernate: 
    select
        t1_0.feed_id,
        t1_1.id,
        t1_1.name 
    from
        feed_tags t1_0 
    join
        tags t1_1 
            on t1_1.id=t1_0.tag_id 
    where
        t1_0.feed_id=?
Hibernate: 
    select
        t1_0.feed_id,
        t1_1.id,
        t1_1.name 
    from
        feed_tags t1_0 
    join
        tags t1_1 
            on t1_1.id=t1_0.tag_id 
    where
        t1_0.feed_id=?
Hibernate: 
    select
        f1_0.id,
        f1_0.content,
        f1_0.created_at,
        f1_0.creator,
        f1_0.disable_comments,
        f1_0.height,
        f1_0.hide_counts,
        f1_0.image_url,
        f1_0.is_collab,
        f1_0.metadata,
        f1_0.title,
        f1_0.type,
        f1_0.video_url 
    from
        feeds f1_0 
    where
        f1_0.creator=? 
    order by
        f1_0.id desc
Hibernate: 
    select
        u1_0.id,
        u1_0.created_at,
        u1_0.email,
        u1_0.nickname,
        u1_0.password,
        u1_0.profile_image_url,
        u1_0.tag,
        u1_0.username 
    from
        users u1_0 
    where
        u1_0.email=?
Hibernate: 
    select
        t1_0.feed_id,
        t1_1.id,
        t1_1.name 
    from
        feed_tags t1_0 
    join
        tags t1_1 
            on t1_1.id=t1_0.tag_id 
    where
        t1_0.feed_id=?
Hibernate: 
    select
        count(f1_0.id) 
    from
        feeds f1_0 
    where
        f1_0.creator=?
Hibernate: 
    select
        t1_0.feed_id,
        t1_1.id,
        t1_1.name 
    from
        feed_tags t1_0 
    join
        tags t1_1 
            on t1_1.id=t1_0.tag_id 
    where
        t1_0.feed_id=?
Hibernate: 
    select
        fl1_0.id,
        fl1_0.created_at,
        fl1_0.feed_id,
        fl1_0.username 
    from
        feed_likes fl1_0 
    where
        fl1_0.username=? 
    order by
        fl1_0.id desc
Hibernate: 
    select
        c1_0.id,
        c1_0.content,
        c1_0.created_at,
        c1_0.feed_id,
        c1_0.username 
    from
        comments c1_0 
    where
        c1_0.username=? 
    order by
        c1_0.id desc
Hibernate: 
    select
        f1_0.id,
        f1_0.content,
        f1_0.created_at,
        f1_0.creator,
        f1_0.disable_comments,
        f1_0.height,
        f1_0.hide_counts,
        f1_0.image_url,
        f1_0.is_collab,
        f1_0.metadata,
        f1_0.title,
        f1_0.type,
        f1_0.video_url 
    from
        feeds f1_0 
    where
        f1_0.id=?
Hibernate: 
    select
        f1_0.id,
        f1_0.content,
        f1_0.created_at,
        f1_0.creator,
        f1_0.disable_comments,
        f1_0.height,
        f1_0.hide_counts,
        f1_0.image_url,
        f1_0.is_collab,
        f1_0.metadata,
        f1_0.title,
        f1_0.type,
        f1_0.video_url 
    from
        feeds f1_0 
    where
        f1_0.id=?
Hibernate: 
    select
        b1_0.id,
        b1_0.created_at,
        b1_0.feed_id,
        b1_0.username 
    from
        bookmarks b1_0 
    where
        b1_0.username=?
Hibernate: 
    select
        t1_0.feed_id,
        t1_1.id,
        t1_1.name 
    from
        feed_tags t1_0 
    join
        tags t1_1 
            on t1_1.id=t1_0.tag_id 
    where
        t1_0.feed_id=?
Hibernate: 
    select
        t1_0.feed_id,
        t1_1.id,
        t1_1.name 
    from
        feed_tags t1_0 
    join
        tags t1_1 
            on t1_1.id=t1_0.tag_id 
    where
        t1_0.feed_id=?
Hibernate: 
    select
        f1_0.id,
        f1_0.content,
        f1_0.created_at,
        f1_0.creator,
        f1_0.disable_comments,
        f1_0.height,
        f1_0.hide_counts,
        f1_0.image_url,
        f1_0.is_collab,
        f1_0.metadata,
        f1_0.title,
        f1_0.type,
        f1_0.video_url 
    from
        feeds f1_0 
    where
        f1_0.creator=? 
    order by
        f1_0.id desc
Hibernate: 
    select
        t1_0.feed_id,
        t1_1.id,
        t1_1.name 
    from
        feed_tags t1_0 
    join
        tags t1_1 
            on t1_1.id=t1_0.tag_id 
    where
        t1_0.feed_id=?
Hibernate: 
    select
        t1_0.feed_id,
        t1_1.id,
        t1_1.name 
    from
        feed_tags t1_0 
    join
        tags t1_1 
            on t1_1.id=t1_0.tag_id 
    where
        t1_0.feed_id=?
Hibernate: 
    select
        c1_0.id,
        c1_0.content,
        c1_0.created_at,
        c1_0.feed_id,
        c1_0.username 
    from
        comments c1_0 
    where
        c1_0.username=? 
    order by
        c1_0.id desc
Hibernate: 
    select
        b1_0.id,
        b1_0.created_at,
        b1_0.feed_id,
        b1_0.username 
    from
        bookmarks b1_0 
    where
        b1_0.username=?
Hibernate: 
    select
        fl1_0.id,
        fl1_0.created_at,
        fl1_0.feed_id,
        fl1_0.username 
    from
        feed_likes fl1_0 
    where
        fl1_0.username=? 
    order by
        fl1_0.id desc
Hibernate: 
    select
        f1_0.id,
        f1_0.content,
        f1_0.created_at,
        f1_0.creator,
        f1_0.disable_comments,
        f1_0.height,
        f1_0.hide_counts,
        f1_0.image_url,
        f1_0.is_collab,
        f1_0.metadata,
        f1_0.title,
        f1_0.type,
        f1_0.video_url 
    from
        feeds f1_0 
    where
        f1_0.id=?
Hibernate: 
    select
        f1_0.id,
        f1_0.content,
        f1_0.created_at,
        f1_0.creator,
        f1_0.disable_comments,
        f1_0.height,
        f1_0.hide_counts,
        f1_0.image_url,
        f1_0.is_collab,
        f1_0.metadata,
        f1_0.title,
        f1_0.type,
        f1_0.video_url 
    from
        feeds f1_0 
    where
        f1_0.id=?
Hibernate: 
    select
        t1_0.feed_id,
        t1_1.id,
        t1_1.name 
    from
        feed_tags t1_0 
    join
        tags t1_1 
            on t1_1.id=t1_0.tag_id 
    where
        t1_0.feed_id=?
Hibernate: 
    select
        t1_0.feed_id,
        t1_1.id,
        t1_1.name 
    from
        feed_tags t1_0 
    join
        tags t1_1 
            on t1_1.id=t1_0.tag_id 
    where
        t1_0.feed_id=?
Hibernate: 
    select
        f1_0.id,
        f1_0.content,
        f1_0.created_at,
        f1_0.creator,
        f1_0.disable_comments,
        f1_0.height,
        f1_0.hide_counts,
        f1_0.image_url,
        f1_0.is_collab,
        f1_0.metadata,
        f1_0.title,
        f1_0.type,
        f1_0.video_url 
    from
        feeds f1_0 
    where
        f1_0.id=?
Hibernate: 
    select
        c1_0.id,
        c1_0.content,
        c1_0.created_at,
        c1_0.feed_id,
        c1_0.username 
    from
        comments c1_0 
    where
        c1_0.feed_id=?
Hibernate: 
    select
        f1_0.id,
        f1_0.content,
        f1_0.created_at,
        f1_0.creator,
        f1_0.disable_comments,
        f1_0.height,
        f1_0.hide_counts,
        f1_0.image_url,
        f1_0.is_collab,
        f1_0.metadata,
        f1_0.title,
        f1_0.type,
        f1_0.video_url 
    from
        feeds f1_0 
    where
        f1_0.id=?
Hibernate: 
    select
        c1_0.id,
        c1_0.content,
        c1_0.created_at,
        c1_0.feed_id,
        c1_0.username 
    from
        comments c1_0 
    where
        c1_0.feed_id=?
Hibernate: 
    select
        f1_0.id,
        f1_0.content,
        f1_0.created_at,
        f1_0.creator,
        f1_0.disable_comments,
        f1_0.height,
        f1_0.hide_counts,
        f1_0.image_url,
        f1_0.is_collab,
        f1_0.metadata,
        f1_0.title,
        f1_0.type,
        f1_0.video_url 
    from
        feeds f1_0
Hibernate: 
    select
        t1_0.feed_id,
        t1_1.id,
        t1_1.name 
    from
        feed_tags t1_0 
    join
        tags t1_1 
            on t1_1.id=t1_0.tag_id 
    where
        t1_0.feed_id=?
Hibernate: 
    select
        t1_0.feed_id,
        t1_1.id,
        t1_1.name 
    from
        feed_tags t1_0 
    join
        tags t1_1 
            on t1_1.id=t1_0.tag_id 
    where
        t1_0.feed_id=?
Hibernate: 
    select
        t1_0.feed_id,
        t1_1.id,
        t1_1.name 
    from
        feed_tags t1_0 
    join
        tags t1_1 
            on t1_1.id=t1_0.tag_id 
    where
        t1_0.feed_id=?
Hibernate: 
    select
        t1_0.feed_id,
        t1_1.id,
        t1_1.name 
    from
        feed_tags t1_0 
    join
        tags t1_1 
            on t1_1.id=t1_0.tag_id 
    where
        t1_0.feed_id=?
Hibernate: 
    select
        t1_0.feed_id,
        t1_1.id,
        t1_1.name 
    from
        feed_tags t1_0 
    join
        tags t1_1 
            on t1_1.id=t1_0.tag_id 
    where
        t1_0.feed_id=?
Hibernate: 
    select
        t1_0.feed_id,
        t1_1.id,
        t1_1.name 
    from
        feed_tags t1_0 
    join
        tags t1_1 
            on t1_1.id=t1_0.tag_id 
    where
        t1_0.feed_id=?
Hibernate: 
    select
        f1_0.id,
        f1_0.content,
        f1_0.created_at,
        f1_0.creator,
        f1_0.disable_comments,
        f1_0.height,
        f1_0.hide_counts,
        f1_0.image_url,
        f1_0.is_collab,
        f1_0.metadata,
        f1_0.title,
        f1_0.type,
        f1_0.video_url 
    from
        feeds f1_0
Hibernate: 
    select
        t1_0.feed_id,
        t1_1.id,
        t1_1.name 
    from
        feed_tags t1_0 
    join
        tags t1_1 
            on t1_1.id=t1_0.tag_id 
    where
        t1_0.feed_id=?
Hibernate: 
    select
        t1_0.feed_id,
        t1_1.id,
        t1_1.name 
    from
        feed_tags t1_0 
    join
        tags t1_1 
            on t1_1.id=t1_0.tag_id 
    where
        t1_0.feed_id=?
Hibernate: 
    select
        t1_0.feed_id,
        t1_1.id,
        t1_1.name 
    from
        feed_tags t1_0 
    join
        tags t1_1 
            on t1_1.id=t1_0.tag_id 
    where
        t1_0.feed_id=?
Hibernate: 
    select
        t1_0.feed_id,
        t1_1.id,
        t1_1.name 
    from
        feed_tags t1_0 
    join
        tags t1_1 
            on t1_1.id=t1_0.tag_id 
    where
        t1_0.feed_id=?
Hibernate: 
    select
        t1_0.feed_id,
        t1_1.id,
        t1_1.name 
    from
        feed_tags t1_0 
    join
        tags t1_1 
            on t1_1.id=t1_0.tag_id 
    where
        t1_0.feed_id=?
Hibernate: 
    select
        t1_0.feed_id,
        t1_1.id,
        t1_1.name 
    from
        feed_tags t1_0 
    join
        tags t1_1 
            on t1_1.id=t1_0.tag_id 
    where
        t1_0.feed_id=?
Hibernate: 
    select
        f1_0.id,
        f1_0.content,
        f1_0.created_at,
        f1_0.creator,
        f1_0.disable_comments,
        f1_0.height,
        f1_0.hide_counts,
        f1_0.image_url,
        f1_0.is_collab,
        f1_0.metadata,
        f1_0.title,
        f1_0.type,
        f1_0.video_url 
    from
        feeds f1_0 
    where
        f1_0.id=?
Hibernate: 
    select
        c1_0.id,
        c1_0.content,
        c1_0.created_at,
        c1_0.feed_id,
        c1_0.username 
    from
        comments c1_0 
    where
        c1_0.feed_id=?
Hibernate: 
    select
        f1_0.id,
        f1_0.content,
        f1_0.created_at,
        f1_0.creator,
        f1_0.disable_comments,
        f1_0.height,
        f1_0.hide_counts,
        f1_0.image_url,
        f1_0.is_collab,
        f1_0.metadata,
        f1_0.title,
        f1_0.type,
        f1_0.video_url 
    from
        feeds f1_0
Hibernate: 
    select
        t1_0.feed_id,
        t1_1.id,
        t1_1.name 
    from
        feed_tags t1_0 
    join
        tags t1_1 
            on t1_1.id=t1_0.tag_id 
    where
        t1_0.feed_id=?
Hibernate: 
    select
        t1_0.feed_id,
        t1_1.id,
        t1_1.name 
    from
        feed_tags t1_0 
    join
        tags t1_1 
            on t1_1.id=t1_0.tag_id 
    where
        t1_0.feed_id=?
Hibernate: 
    select
        t1_0.feed_id,
        t1_1.id,
        t1_1.name 
    from
        feed_tags t1_0 
    join
        tags t1_1 
            on t1_1.id=t1_0.tag_id 
    where
        t1_0.feed_id=?
Hibernate: 
    select
        t1_0.feed_id,
        t1_1.id,
        t1_1.name 
    from
        feed_tags t1_0 
    join
        tags t1_1 
            on t1_1.id=t1_0.tag_id 
    where
        t1_0.feed_id=?
Hibernate: 
    select
        t1_0.feed_id,
        t1_1.id,
        t1_1.name 
    from
        feed_tags t1_0 
    join
        tags t1_1 
            on t1_1.id=t1_0.tag_id 
    where
        t1_0.feed_id=?
Hibernate: 
    select
        t1_0.feed_id,
        t1_1.id,
        t1_1.name 
    from
        feed_tags t1_0 
    join
        tags t1_1 
            on t1_1.id=t1_0.tag_id 
    where
        t1_0.feed_id=?
Hibernate: 
    select
        f1_0.id,
        f1_0.content,
        f1_0.created_at,
        f1_0.creator,
        f1_0.disable_comments,
        f1_0.height,
        f1_0.hide_counts,
        f1_0.image_url,
        f1_0.is_collab,
        f1_0.metadata,
        f1_0.title,
        f1_0.type,
        f1_0.video_url 
    from
        feeds f1_0
Hibernate: 
    select
        t1_0.feed_id,
        t1_1.id,
        t1_1.name 
    from
        feed_tags t1_0 
    join
        tags t1_1 
            on t1_1.id=t1_0.tag_id 
    where
        t1_0.feed_id=?
Hibernate: 
    select
        t1_0.feed_id,
        t1_1.id,
        t1_1.name 
    from
        feed_tags t1_0 
    join
        tags t1_1 
            on t1_1.id=t1_0.tag_id 
    where
        t1_0.feed_id=?
Hibernate: 
    select
        t1_0.feed_id,
        t1_1.id,
        t1_1.name 
    from
        feed_tags t1_0 
    join
        tags t1_1 
            on t1_1.id=t1_0.tag_id 
    where
        t1_0.feed_id=?
Hibernate: 
    select
        t1_0.feed_id,
        t1_1.id,
        t1_1.name 
    from
        feed_tags t1_0 
    join
        tags t1_1 
            on t1_1.id=t1_0.tag_id 
    where
        t1_0.feed_id=?
Hibernate: 
    select
        t1_0.feed_id,
        t1_1.id,
        t1_1.name 
    from
        feed_tags t1_0 
    join
        tags t1_1 
            on t1_1.id=t1_0.tag_id 
    where
        t1_0.feed_id=?
Hibernate: 
    select
        t1_0.feed_id,
        t1_1.id,
        t1_1.name 
    from
        feed_tags t1_0 
    join
        tags t1_1 
            on t1_1.id=t1_0.tag_id 
    where
        t1_0.feed_id=?
Hibernate: 
    select
        f1_0.id,
        f1_0.content,
        f1_0.created_at,
        f1_0.creator,
        f1_0.disable_comments,
        f1_0.height,
        f1_0.hide_counts,
        f1_0.image_url,
        f1_0.is_collab,
        f1_0.metadata,
        f1_0.title,
        f1_0.type,
        f1_0.video_url 
    from
        feeds f1_0 
    where
        f1_0.id=?
Hibernate: 
    select
        c1_0.id,
        c1_0.content,
        c1_0.created_at,
        c1_0.feed_id,
        c1_0.username 
    from
        comments c1_0 
    where
        c1_0.feed_id=?
Hibernate: 
    select
        f1_0.id,
        f1_0.content,
        f1_0.created_at,
        f1_0.creator,
        f1_0.disable_comments,
        f1_0.height,
        f1_0.hide_counts,
        f1_0.image_url,
        f1_0.is_collab,
        f1_0.metadata,
        f1_0.title,
        f1_0.type,
        f1_0.video_url 
    from
        feeds f1_0 
    where
        f1_0.id=?
Hibernate: 
    select
        c1_0.id,
        c1_0.content,
        c1_0.created_at,
        c1_0.feed_id,
        c1_0.username 
    from
        comments c1_0 
    where
        c1_0.feed_id=?
Hibernate: 
    select
        f1_0.id,
        f1_0.content,
        f1_0.created_at,
        f1_0.creator,
        f1_0.disable_comments,
        f1_0.height,
        f1_0.hide_counts,
        f1_0.image_url,
        f1_0.is_collab,
        f1_0.metadata,
        f1_0.title,
        f1_0.type,
        f1_0.video_url 
    from
        feeds f1_0 
    where
        f1_0.id=?
Hibernate: 
    select
        fl1_0.id,
        fl1_0.created_at,
        fl1_0.feed_id,
        fl1_0.username 
    from
        feed_likes fl1_0 
    where
        fl1_0.feed_id=? 
        and fl1_0.username=?
Hibernate: 
    delete 
    from
        feed_likes 
    where
        id=?
Hibernate: 
    select
        count(fl1_0.id) 
    from
        feed_likes fl1_0 
    where
        fl1_0.feed_id=?
Hibernate: 
    select
        f1_0.id,
        f1_0.content,
        f1_0.created_at,
        f1_0.creator,
        f1_0.disable_comments,
        f1_0.height,
        f1_0.hide_counts,
        f1_0.image_url,
        f1_0.is_collab,
        f1_0.metadata,
        f1_0.title,
        f1_0.type,
        f1_0.video_url 
    from
        feeds f1_0 
    where
        f1_0.id=?
Hibernate: 
    select
        b1_0.id,
        b1_0.created_at,
        b1_0.feed_id,
        b1_0.username 
    from
        bookmarks b1_0 
    where
        b1_0.feed_id=? 
        and b1_0.username=?
Hibernate: 
    insert 
    into
        bookmarks
        (created_at, feed_id, username) 
    values
        (?, ?, ?)
Hibernate: 
    select
        count(b1_0.id) 
    from
        bookmarks b1_0 
    where
        b1_0.feed_id=?
Hibernate: 
    select
        f1_0.id,
        f1_0.content,
        f1_0.created_at,
        f1_0.creator,
        f1_0.disable_comments,
        f1_0.height,
        f1_0.hide_counts,
        f1_0.image_url,
        f1_0.is_collab,
        f1_0.metadata,
        f1_0.title,
        f1_0.type,
        f1_0.video_url 
    from
        feeds f1_0 
    where
        f1_0.id=?
Hibernate: 
    select
        b1_0.id,
        b1_0.created_at,
        b1_0.feed_id,
        b1_0.username 
    from
        bookmarks b1_0 
    where
        b1_0.feed_id=? 
        and b1_0.username=?
Hibernate: 
    delete 
    from
        bookmarks 
    where
        id=?
Hibernate: 
    select
        count(b1_0.id) 
    from
        bookmarks b1_0 
    where
        b1_0.feed_id=?
Hibernate: 
    select
        f1_0.id,
        f1_0.content,
        f1_0.created_at,
        f1_0.creator,
        f1_0.disable_comments,
        f1_0.height,
        f1_0.hide_counts,
        f1_0.image_url,
        f1_0.is_collab,
        f1_0.metadata,
        f1_0.title,
        f1_0.type,
        f1_0.video_url 
    from
        feeds f1_0 
    where
        f1_0.id=?
Hibernate: 
    select
        c1_0.id,
        c1_0.content,
        c1_0.created_at,
        c1_0.feed_id,
        c1_0.username 
    from
        comments c1_0 
    where
        c1_0.feed_id=?
Hibernate: 
    select
        f1_0.id,
        f1_0.content,
        f1_0.created_at,
        f1_0.creator,
        f1_0.disable_comments,
        f1_0.height,
        f1_0.hide_counts,
        f1_0.image_url,
        f1_0.is_collab,
        f1_0.metadata,
        f1_0.title,
        f1_0.type,
        f1_0.video_url 
    from
        feeds f1_0
Hibernate: 
    select
        t1_0.feed_id,
        t1_1.id,
        t1_1.name 
    from
        feed_tags t1_0 
    join
        tags t1_1 
            on t1_1.id=t1_0.tag_id 
    where
        t1_0.feed_id=?
Hibernate: 
    select
        t1_0.feed_id,
        t1_1.id,
        t1_1.name 
    from
        feed_tags t1_0 
    join
        tags t1_1 
            on t1_1.id=t1_0.tag_id 
    where
        t1_0.feed_id=?
Hibernate: 
    select
        t1_0.feed_id,
        t1_1.id,
        t1_1.name 
    from
        feed_tags t1_0 
    join
        tags t1_1 
            on t1_1.id=t1_0.tag_id 
    where
        t1_0.feed_id=?
Hibernate: 
    select
        t1_0.feed_id,
        t1_1.id,
        t1_1.name 
    from
        feed_tags t1_0 
    join
        tags t1_1 
            on t1_1.id=t1_0.tag_id 
    where
        t1_0.feed_id=?
Hibernate: 
    select
        t1_0.feed_id,
        t1_1.id,
        t1_1.name 
    from
        feed_tags t1_0 
    join
        tags t1_1 
            on t1_1.id=t1_0.tag_id 
    where
        t1_0.feed_id=?
Hibernate: 
    select
        t1_0.feed_id,
        t1_1.id,
        t1_1.name 
    from
        feed_tags t1_0 
    join
        tags t1_1 
            on t1_1.id=t1_0.tag_id 
    where
        t1_0.feed_id=?
Hibernate: 
    select
        f1_0.id,
        f1_0.content,
        f1_0.created_at,
        f1_0.creator,
        f1_0.disable_comments,
        f1_0.height,
        f1_0.hide_counts,
        f1_0.image_url,
        f1_0.is_collab,
        f1_0.metadata,
        f1_0.title,
        f1_0.type,
        f1_0.video_url 
    from
        feeds f1_0
Hibernate: 
    select
        t1_0.feed_id,
        t1_1.id,
        t1_1.name 
    from
        feed_tags t1_0 
    join
        tags t1_1 
            on t1_1.id=t1_0.tag_id 
    where
        t1_0.feed_id=?
Hibernate: 
    select
        t1_0.feed_id,
        t1_1.id,
        t1_1.name 
    from
        feed_tags t1_0 
    join
        tags t1_1 
            on t1_1.id=t1_0.tag_id 
    where
        t1_0.feed_id=?
Hibernate: 
    select
        t1_0.feed_id,
        t1_1.id,
        t1_1.name 
    from
        feed_tags t1_0 
    join
        tags t1_1 
            on t1_1.id=t1_0.tag_id 
    where
        t1_0.feed_id=?
Hibernate: 
    select
        t1_0.feed_id,
        t1_1.id,
        t1_1.name 
    from
        feed_tags t1_0 
    join
        tags t1_1 
            on t1_1.id=t1_0.tag_id 
    where
        t1_0.feed_id=?
Hibernate: 
    select
        t1_0.feed_id,
        t1_1.id,
        t1_1.name 
    from
        feed_tags t1_0 
    join
        tags t1_1 
            on t1_1.id=t1_0.tag_id 
    where
        t1_0.feed_id=?
Hibernate: 
    select
        t1_0.feed_id,
        t1_1.id,
        t1_1.name 
    from
        feed_tags t1_0 
    join
        tags t1_1 
            on t1_1.id=t1_0.tag_id 
    where
        t1_0.feed_id=?
Hibernate: 
    select
        f1_0.id,
        f1_0.content,
        f1_0.created_at,
        f1_0.creator,
        f1_0.disable_comments,
        f1_0.height,
        f1_0.hide_counts,
        f1_0.image_url,
        f1_0.is_collab,
        f1_0.metadata,
        f1_0.title,
        f1_0.type,
        f1_0.video_url 
    from
        feeds f1_0 
    where
        f1_0.id=?
Hibernate: 
    select
        c1_0.id,
        c1_0.content,
        c1_0.created_at,
        c1_0.feed_id,
        c1_0.username 
    from
        comments c1_0 
    where
        c1_0.feed_id=?
Hibernate: 
    select
        f1_0.id,
        f1_0.content,
        f1_0.created_at,
        f1_0.creator,
        f1_0.disable_comments,
        f1_0.height,
        f1_0.hide_counts,
        f1_0.image_url,
        f1_0.is_collab,
        f1_0.metadata,
        f1_0.title,
        f1_0.type,
        f1_0.video_url 
    from
        feeds f1_0 
    where
        f1_0.id=?
Hibernate: 
    select
        fl1_0.id,
        fl1_0.created_at,
        fl1_0.feed_id,
        fl1_0.username 
    from
        feed_likes fl1_0 
    where
        fl1_0.feed_id=? 
        and fl1_0.username=?
Hibernate: 
    insert 
    into
        feed_likes
        (created_at, feed_id, username) 
    values
        (?, ?, ?)
Hibernate: 
    select
        count(fl1_0.id) 
    from
        feed_likes fl1_0 
    where
        fl1_0.feed_id=?
Hibernate: 
    select
        f1_0.id,
        f1_0.content,
        f1_0.created_at,
        f1_0.creator,
        f1_0.disable_comments,
        f1_0.height,
        f1_0.hide_counts,
        f1_0.image_url,
        f1_0.is_collab,
        f1_0.metadata,
        f1_0.title,
        f1_0.type,
        f1_0.video_url 
    from
        feeds f1_0 
    where
        f1_0.id=?
Hibernate: 
    select
        fl1_0.id,
        fl1_0.created_at,
        fl1_0.feed_id,
        fl1_0.username 
    from
        feed_likes fl1_0 
    where
        fl1_0.feed_id=? 
        and fl1_0.username=?
Hibernate: 
    delete 
    from
        feed_likes 
    where
        id=?
Hibernate: 
    select
        count(fl1_0.id) 
    from
        feed_likes fl1_0 
    where
        fl1_0.feed_id=?
Hibernate: 
    select
        f1_0.id,
        f1_0.content,
        f1_0.created_at,
        f1_0.creator,
        f1_0.disable_comments,
        f1_0.height,
        f1_0.hide_counts,
        f1_0.image_url,
        f1_0.is_collab,
        f1_0.metadata,
        f1_0.title,
        f1_0.type,
        f1_0.video_url 
    from
        feeds f1_0 
    where
        f1_0.id=?
Hibernate: 
    select
        c1_0.id,
        c1_0.content,
        c1_0.created_at,
        c1_0.feed_id,
        c1_0.username 
    from
        comments c1_0 
    where
        c1_0.feed_id=?
Hibernate: 
    select
        f1_0.id,
        f1_0.content,
        f1_0.created_at,
        f1_0.creator,
        f1_0.disable_comments,
        f1_0.height,
        f1_0.hide_counts,
        f1_0.image_url,
        f1_0.is_collab,
        f1_0.metadata,
        f1_0.title,
        f1_0.type,
        f1_0.video_url 
    from
        feeds f1_0 
    where
        f1_0.id=?
Hibernate: 
    insert 
    into
        comments
        (content, created_at, feed_id, username) 
    values
        (?, ?, ?, ?)
Hibernate: 
    select
        f1_0.id,
        f1_0.content,
        f1_0.created_at,
        f1_0.creator,
        f1_0.disable_comments,
        f1_0.height,
        f1_0.hide_counts,
        f1_0.image_url,
        f1_0.is_collab,
        f1_0.metadata,
        f1_0.title,
        f1_0.type,
        f1_0.video_url 
    from
        feeds f1_0 
    where
        f1_0.id=?
Hibernate: 
    select
        c1_0.id,
        c1_0.content,
        c1_0.created_at,
        c1_0.feed_id,
        c1_0.username 
    from
        comments c1_0 
    where
        c1_0.feed_id=?

> Task :bootRun FAILED

[Incubating] Problems report is available at: file:///Users/seokhunchoi/spring/Code/ProjectSpring/build/reports/problems/problems-report.html

FAILURE: Build failed with an exception.

* What went wrong:
Execution failed for task ':bootRun' (registered by plugin 'org.springframework.boot').
> Process 'command '/Library/Java/JavaVirtualMachines/temurin-21.jdk/Contents/Home/bin/java'' finished with non-zero exit value 137 (this value may indicate that the process was terminated with the SIGKILL signal, which is often caused by the system running out of memory)

* Try:
> Run with --stacktrace option to get the stack trace.
> Run with --info or --debug option to get more log output.
> Run with --scan to get full insights from a Build Scan (powered by Develocity).
> Get more help at https://help.gradle.org.

BUILD FAILED in 27m 41s
4 actionable tasks: 3 executed, 1 up-to-date
